
> smartbike@0.1.0 build
> next build

Γû▓ Next.js 16.1.6 (Turbopack)
- Environments: .env.local

  Creating an optimized production build ...
node.exe : 
At line:1 char:1
+ & "C:\Program 
Files\nodejs/node.exe" 
"C:\Program 
Files\nodejs/node_mo ...
+ ~~~~~~~~~~~~~~~~~~~~~~~~
~~~~~~~~~~~~~~~~~~~~~~~~~~
~~~~~~~~~~~~~~~~~~~
    + CategoryInfo        
      : NotSpecified: (:  
  String) [], RemoteExc   
 eption
    + FullyQualifiedError 
   Id : NativeCommandErr  
  or
 
> Build error occurred
Error: Turbopack build 
failed with 1 errors:
./src/app/globals.css
Error evaluating Node.js 
code
CssSyntaxError: C:\Coding\
VibeC-Projects\Mechanic Da
shboard\src\app\globals.cs
s:1124:1: Unexpected }
    at Input.error (node_m
odules/postcss/lib/input.j
s:135:16) [C:\Coding\VibeC
-Projects\Mechanic Dashboa
rd\.next\build\chunks\node
_modules_fe693df6._.js:465
1:22]
    at 
Parser.unexpectedClose (no
de_modules/postcss/lib/par
ser.js:587:22) [C:\Coding\
VibeC-Projects\Mechanic Da
shboard\.next\build\chunks
\node_modules_fe693df6._.j
s:5820:26]
    at Parser.end (node_mo
dules/postcss/lib/parser.j
s:330:12) [C:\Coding\VibeC
-Projects\Mechanic Dashboa
rd\.next\build\chunks\node
_modules_fe693df6._.js:559
3:18]
    at Parser.parse (node_
modules/postcss/lib/parser
.js:456:16) [C:\Coding\Vib
eC-Projects\Mechanic Dashb
oard\.next\build\chunks\no
de_modules_fe693df6._.js:5
704:26]
    at parse (node_modules
/postcss/lib/parse.js:11:1
2) [C:\Coding\VibeC-Projec
ts\Mechanic Dashboard\.nex
t\build\chunks\node_module
s_fe693df6._.js:5853:16]
    at new LazyResult (nod
e_modules/postcss/lib/lazy
-result.js:165:16) [C:\Cod
ing\VibeC-Projects\Mechani
c Dashboard\.next\build\ch
unks\node_modules_fe693df6
._.js:6105:24]
    at Processor.process (
node_modules/postcss/lib/p
rocessor.js:53:14) [C:\Cod
ing\VibeC-Projects\Mechani
c Dashboard\.next\build\ch
unks\node_modules_fe693df6
._.js:6572:20]
    at transform (turbopac
k:///[turbopack-node]/tran
sforms/postcss.ts:70:51) [
C:\Coding\VibeC-Projects\M
echanic Dashboard\.next\bu
ild\chunks\[root-of-the-se
rver]__51225daf._.js:146:5
2]
    at run (turbopack:///[
turbopack-node]/ipc/evalua
te.ts:92:29) [C:\Coding\Vi
beC-Projects\Mechanic Dash
board\.next\build\chunks\[
root-of-the-server]__97494
1ed._.js:443:37]
    at run (turbopack:///[
turbopack-node]/ipc/evalua
te.ts:115:11) [C:\Coding\V
ibeC-Projects\Mechanic Das
hboard\.next\build\chunks\
[root-of-the-server]__9749
41ed._.js:464:25]

Import trace:
  Client Component 
Browser:
    ./src/app/globals.css 
[Client Component Browser]
    ./src/app/(landing)/la
yout.tsx [Server 
Component]


    at transform (turbopac
k:///[turbopack-node]/tran
sforms/postcss.ts:70:51) [
C:\Coding\VibeC-Projects\M
echanic Dashboard\.next\bu
ild\chunks\[root-of-the-se
rver]__51225daf._.js:146:5
2])
    at run (turbopack:///[
turbopack-node]/ipc/evalua
te.ts:92:29) [C:\Coding\Vi
beC-Projects\Mechanic Dash
board\.next\build\chunks\[
root-of-the-server]__97494
1ed._.js:443:37])
    at run (turbopack:///[
turbopack-node]/ipc/evalua
te.ts:115:11) [C:\Coding\V
ibeC-Projects\Mechanic Das
hboard\.next\build\chunks\
[root-of-the-server]__9749
41ed._.js:464:25])
